Archive member included to satisfy reference by file (symbol)

C:/ST/STM32CubeIDE_1.14.0/STM32CubeIDE/plugins/com.st.stm32cube.ide.mcu.externaltools.gnu-tools-for-stm32.11.3.rel1.win32_1.1.100.202309141235/tools/bin/../lib/gcc/arm-none-eabi/11.3.1/../../../../arm-none-eabi/lib/thumb/v7-m/nofp\libc_nano.a(libc_a-exit.o)
                              C:/ST/STM32CubeIDE_1.14.0/STM32CubeIDE/plugins/com.st.stm32cube.ide.mcu.externaltools.gnu-tools-for-stm32.11.3.rel1.win32_1.1.100.202309141235/tools/bin/../lib/gcc/arm-none-eabi/11.3.1/../../../../arm-none-eabi/lib/thumb/v7-m/nofp/crt0.o (exit)
C:/ST/STM32CubeIDE_1.14.0/STM32CubeIDE/plugins/com.st.stm32cube.ide.mcu.externaltools.gnu-tools-for-stm32.11.3.rel1.win32_1.1.100.202309141235/tools/bin/../lib/gcc/arm-none-eabi/11.3.1/../../../../arm-none-eabi/lib/thumb/v7-m/nofp\libc_nano.a(libc_a-findfp.o)
                              C:/ST/STM32CubeIDE_1.14.0/STM32CubeIDE/plugins/com.st.stm32cube.ide.mcu.externaltools.gnu-tools-for-stm32.11.3.rel1.win32_1.1.100.202309141235/tools/bin/../lib/gcc/arm-none-eabi/11.3.1/../../../../arm-none-eabi/lib/thumb/v7-m/nofp\libc_nano.a(libc_a-exit.o) (__stdio_exit_handler)
C:/ST/STM32CubeIDE_1.14.0/STM32CubeIDE/plugins/com.st.stm32cube.ide.mcu.externaltools.gnu-tools-for-stm32.11.3.rel1.win32_1.1.100.202309141235/tools/bin/../lib/gcc/arm-none-eabi/11.3.1/../../../../arm-none-eabi/lib/thumb/v7-m/nofp\libc_nano.a(libc_a-fwalk.o)
                              C:/ST/STM32CubeIDE_1.14.0/STM32CubeIDE/plugins/com.st.stm32cube.ide.mcu.externaltools.gnu-tools-for-stm32.11.3.rel1.win32_1.1.100.202309141235/tools/bin/../lib/gcc/arm-none-eabi/11.3.1/../../../../arm-none-eabi/lib/thumb/v7-m/nofp\libc_nano.a(libc_a-findfp.o) (_fwalk_sglue)
C:/ST/STM32CubeIDE_1.14.0/STM32CubeIDE/plugins/com.st.stm32cube.ide.mcu.externaltools.gnu-tools-for-stm32.11.3.rel1.win32_1.1.100.202309141235/tools/bin/../lib/gcc/arm-none-eabi/11.3.1/../../../../arm-none-eabi/lib/thumb/v7-m/nofp\libc_nano.a(libc_a-stdio.o)
                              C:/ST/STM32CubeIDE_1.14.0/STM32CubeIDE/plugins/com.st.stm32cube.ide.mcu.externaltools.gnu-tools-for-stm32.11.3.rel1.win32_1.1.100.202309141235/tools/bin/../lib/gcc/arm-none-eabi/11.3.1/../../../../arm-none-eabi/lib/thumb/v7-m/nofp\libc_nano.a(libc_a-findfp.o) (__sread)
C:/ST/STM32CubeIDE_1.14.0/STM32CubeIDE/plugins/com.st.stm32cube.ide.mcu.externaltools.gnu-tools-for-stm32.11.3.rel1.win32_1.1.100.202309141235/tools/bin/../lib/gcc/arm-none-eabi/11.3.1/../../../../arm-none-eabi/lib/thumb/v7-m/nofp\libc_nano.a(libc_a-memset.o)
                              C:/ST/STM32CubeIDE_1.14.0/STM32CubeIDE/plugins/com.st.stm32cube.ide.mcu.externaltools.gnu-tools-for-stm32.11.3.rel1.win32_1.1.100.202309141235/tools/bin/../lib/gcc/arm-none-eabi/11.3.1/../../../../arm-none-eabi/lib/thumb/v7-m/nofp/crt0.o (memset)
C:/ST/STM32CubeIDE_1.14.0/STM32CubeIDE/plugins/com.st.stm32cube.ide.mcu.externaltools.gnu-tools-for-stm32.11.3.rel1.win32_1.1.100.202309141235/tools/bin/../lib/gcc/arm-none-eabi/11.3.1/../../../../arm-none-eabi/lib/thumb/v7-m/nofp\libc_nano.a(libc_a-closer.o)
                              C:/ST/STM32CubeIDE_1.14.0/STM32CubeIDE/plugins/com.st.stm32cube.ide.mcu.externaltools.gnu-tools-for-stm32.11.3.rel1.win32_1.1.100.202309141235/tools/bin/../lib/gcc/arm-none-eabi/11.3.1/../../../../arm-none-eabi/lib/thumb/v7-m/nofp\libc_nano.a(libc_a-stdio.o) (_close_r)
C:/ST/STM32CubeIDE_1.14.0/STM32CubeIDE/plugins/com.st.stm32cube.ide.mcu.externaltools.gnu-tools-for-stm32.11.3.rel1.win32_1.1.100.202309141235/tools/bin/../lib/gcc/arm-none-eabi/11.3.1/../../../../arm-none-eabi/lib/thumb/v7-m/nofp\libc_nano.a(libc_a-reent.o)
                              C:/ST/STM32CubeIDE_1.14.0/STM32CubeIDE/plugins/com.st.stm32cube.ide.mcu.externaltools.gnu-tools-for-stm32.11.3.rel1.win32_1.1.100.202309141235/tools/bin/../lib/gcc/arm-none-eabi/11.3.1/../../../../arm-none-eabi/lib/thumb/v7-m/nofp\libc_nano.a(libc_a-closer.o) (errno)
C:/ST/STM32CubeIDE_1.14.0/STM32CubeIDE/plugins/com.st.stm32cube.ide.mcu.externaltools.gnu-tools-for-stm32.11.3.rel1.win32_1.1.100.202309141235/tools/bin/../lib/gcc/arm-none-eabi/11.3.1/../../../../arm-none-eabi/lib/thumb/v7-m/nofp\libc_nano.a(libc_a-impure.o)
                              C:/ST/STM32CubeIDE_1.14.0/STM32CubeIDE/plugins/com.st.stm32cube.ide.mcu.externaltools.gnu-tools-for-stm32.11.3.rel1.win32_1.1.100.202309141235/tools/bin/../lib/gcc/arm-none-eabi/11.3.1/../../../../arm-none-eabi/lib/thumb/v7-m/nofp\libc_nano.a(libc_a-reent.o) (_impure_ptr)
C:/ST/STM32CubeIDE_1.14.0/STM32CubeIDE/plugins/com.st.stm32cube.ide.mcu.externaltools.gnu-tools-for-stm32.11.3.rel1.win32_1.1.100.202309141235/tools/bin/../lib/gcc/arm-none-eabi/11.3.1/../../../../arm-none-eabi/lib/thumb/v7-m/nofp\libc_nano.a(libc_a-lseekr.o)
[...]
Memory Configuration

Name             Origin             Length             Attributes
RAM              0x0000000020000000 0x0000000000002800 xrw
FLASH            0x0000000008000000 0x0000000000008000 xr
*default*        0x0000000000000000 0xffffffffffffffff

Linker script and memory map

LOAD C:/ST/STM32CubeIDE_1.14.0/STM32CubeIDE/plugins/com.st.stm32cube.ide.mcu.externaltools.gnu-tools-for-stm32.11.3.rel1.win32_1.1.100.202309141235/tools/bin/../lib/gcc/arm-none-eabi/11.3.1/thumb/v7-m/nofp/crti.o
LOAD C:/ST/STM32CubeIDE_1.14.0/STM32CubeIDE/plugins/com.st.stm32cube.ide.mcu.externaltools.gnu-tools-for-stm32.11.3.rel1.win32_1.1.100.202309141235/tools/bin/../lib/gcc/arm-none-eabi/11.3.1/thumb/v7-m/nofp/crtbegin.o
LOAD C:/ST/STM32CubeIDE_1.14.0/STM32CubeIDE/plugins/com.st.stm32cube.ide.mcu.externaltools.gnu-tools-for-stm32.11.3.rel1.win32_1.1.100.202309141235/tools/bin/../lib/gcc/arm-none-eabi/11.3.1/../../../../arm-none-eabi/lib/thumb/v7-m/nofp/crt0.o
LOAD ./Src/AFIO_program.o
LOAD ./Src/CAN.o
LOAD ./Src/CortexM3_Core_NVIC.o
LOAD ./Src/CortexM3_Core_SysTick.o
LOAD ./Src/DMA.o
LOAD ./Src/FPEC.o
LOAD ./Src/GPIO.o
LOAD ./Src/LED_program.o
LOAD ./Src/RCC.o
LOAD ./Src/SCB.o
LOAD ./Src/main.o
LOAD ./Src/syscalls.o
LOAD ./Src/sysmem.o
LOAD ./Startup/startup_stm32f103c6tx.o
START GROUP
LOAD C:/ST/STM32CubeIDE_1.14.0/STM32CubeIDE/plugins/com.st.stm32cube.ide.mcu.externaltools.gnu-tools-for-stm32.11.3.rel1.win32_1.1.100.202309141235/tools/bin/../lib/gcc/arm-none-eabi/11.3.1/../../../../arm-none-eabi/lib/thumb/v7-m/nofp\libc_nano.a
LOAD C:/ST/STM32CubeIDE_1.14.0/STM32CubeIDE/plugins/com.st.stm32cube.ide.mcu.externaltools.gnu-tools-for-stm32.11.3.rel1.win32_1.1.100.202309141235/tools/bin/../lib/gcc/arm-none-eabi/11.3.1/../../../../arm-none-eabi/lib/thumb/v7-m/nofp\libm.a
END GROUP
START GROUP
LOAD C:/ST/STM32CubeIDE_1.14.0/STM32CubeIDE/plugins/com.st.stm32cube.ide.mcu.externaltools.gnu-tools-for-stm32.11.3.rel1.win32_1.1.100.202309141235/tools/bin/../lib/gcc/arm-none-eabi/11.3.1/thumb/v7-m/nofp\libgcc.a
LOAD C:/ST/STM32CubeIDE_1.14.0/STM32CubeIDE/plugins/com.st.stm32cube.ide.mcu.externaltools.gnu-tools-for-stm32.11.3.rel1.win32_1.1.100.202309141235/tools/bin/../lib/gcc/arm-none-eabi/11.3.1/../../../../arm-none-eabi/lib/thumb/v7-m/nofp\libc_nano.a
END GROUP
START GROUP
LOAD C:/ST/STM32CubeIDE_1.14.0/STM32CubeIDE/plugins/com.st.stm32cube.ide.mcu.externaltools.gnu-tools-for-stm32.11.3.rel1.win32_1.1.100.202309141235/tools/bin/../lib/gcc/arm-none-eabi/11.3.1/thumb/v7-m/nofp\libgcc.a
LOAD C:/ST/STM32CubeIDE_1.14.0/STM32CubeIDE/plugins/com.st.stm32cube.ide.mcu.externaltools.gnu-tools-for-stm32.11.3.rel1.win32_1.1.100.202309141235/tools/bin/../lib/gcc/arm-none-eabi/11.3.1/../../../../arm-none-eabi/lib/thumb/v7-m/nofp\libc_nano.a
LOAD C:/ST/STM32CubeIDE_1.14.0/STM32CubeIDE/plugins/com.st.stm32cube.ide.mcu.externaltools.gnu-tools-for-stm32.11.3.rel1.win32_1.1.100.202309141235/tools/bin/../lib/gcc/arm-none-eabi/11.3.1/../../../../arm-none-eabi/lib/thumb/v7-m/nofp\libnosys.a
END GROUP
START GROUP
LOAD C:/ST/STM32CubeIDE_1.14.0/STM32CubeIDE/plugins/com.st.stm32cube.ide.mcu.externaltools.gnu-tools-for-stm32.11.3.rel1.win32_1.1.100.202309141235/tools/bin/../lib/gcc/arm-none-eabi/11.3.1/thumb/v7-m/nofp\libgcc.a
LOAD C:/ST/STM32CubeIDE_1.14.0/STM32CubeIDE/plugins/com.st.stm32cube.ide.mcu.externaltools.gnu-tools-for-stm32.11.3.rel1.win32_1.1.100.202309141235/tools/bin/../lib/gcc/arm-none-eabi/11.3.1/../../../../arm-none-eabi/lib/thumb/v7-m/nofp\libc_nano.a
LOAD C:/ST/STM32CubeIDE_1.14.0/STM32CubeIDE/plugins/com.st.stm32cube.ide.mcu.externaltools.gnu-tools-for-stm32.11.3.rel1.win32_1.1.100.202309141235/tools/bin/../lib/gcc/arm-none-eabi/11.3.1/../../../../arm-none-eabi/lib/thumb/v7-m/nofp\libnosys.a
END GROUP
LOAD C:/ST/STM32CubeIDE_1.14.0/STM32CubeIDE/plugins/com.st.stm32cube.ide.mcu.externaltools.gnu-tools-for-stm32.11.3.rel1.win32_1.1.100.202309141235/tools/bin/../lib/gcc/arm-none-eabi/11.3.1/thumb/v7-m/nofp/crtend.o
LOAD C:/ST/STM32CubeIDE_1.14.0/STM32CubeIDE/plugins/com.st.stm32cube.ide.mcu.externaltools.gnu-tools-for-stm32.11.3.rel1.win32_1.1.100.202309141235/tools/bin/../lib/gcc/arm-none-eabi/11.3.1/thumb/v7-m/nofp/crtn.o
                0x0000000020002800                _estack = (ORIGIN (RAM) + LENGTH (RAM))
                0x0000000000000200                _Min_Heap_Size = 0x200
                0x0000000000000400                _Min_Stack_Size = 0x400

.isr_vector     0x0000000008000000      0x130
                0x0000000008000000                . = ALIGN (0x4)
 *(.isr_vector)
 .isr_vector    0x0000000008000000      0x130 ./Startup/startup_stm32f103c6tx.o
                0x0000000008000000                g_pfnVectors
                0x0000000008000130                . = ALIGN (0x4)

.text           0x0000000008000130      0xc20
                0x0000000008000130                . = ALIGN (0x4)
 *(.text)
 .text          0x0000000008000130       0x40 C:/ST/STM32CubeIDE_1.14.0/STM32CubeIDE/plugins/com.st.stm32cube.ide.mcu.externaltools.gnu-tools-for-stm32.11.3.rel1.win32_1.1.100.202309141235/tools/bin/../lib/gcc/arm-none-eabi/11.3.1/thumb/v7-m/nofp/crtbegin.o
 *(.text*)
 .text.AFIO_voidRemapPeripheralPins
                0x0000000008000170       0xa4 ./Src/AFIO_program.o
                0x0000000008000170                AFIO_voidRemapPeripheralPins
 .text.CAN_voidInit
                0x0000000008000214       0xd8 ./Src/CAN.o
                0x0000000008000214                CAN_voidInit
 .text.CAN_voidAddTxMsg
                0x00000000080002ec      0x148 ./Src/CAN.o
                0x00000000080002ec                CAN_voidAddTxMsg
 .text.CAN_voidStart
                0x0000000008000434       0x2c ./Src/CAN.o
                0x0000000008000434                CAN_voidStart
 .text.CAN_voidGetRxMsg
                0x0000000008000460      0x154 ./Src/CAN.o
                0x0000000008000460                CAN_voidGetRxMsg
 .text.CAN_voidConfigFilter
                0x00000000080005b4      0x1a0 ./Src/CAN.o
                0x00000000080005b4                CAN_voidConfigFilter
 .text.CAN_voidEnableInterrupt
                0x0000000008000754       0x24 ./Src/CAN.o
                0x0000000008000754                CAN_voidEnableInterrupt
 .text.NVIC_GetActive
                0x0000000008000778       0x38 ./Src/CortexM3_Core_NVIC.o
                0x0000000008000778                NVIC_GetActive
 .text.SysTick_WaitBlocking
                0x00000000080007b0       0x50 ./Src/CortexM3_Core_SysTick.o
                0x00000000080007b0                SysTick_WaitBlocking
 .text.SysTick_Handler
                0x0000000008000800       0x50 ./Src/CortexM3_Core_SysTick.o
                0x0000000008000800                SysTick_Handler
 .text.DMA1_Channel1_IRQHandler
                0x0000000008000850       0x30 ./Src/DMA.o
                0x0000000008000850                DMA1_Channel1_IRQHandler
 .text.DMA1_Channel2_IRQHandler
                0x0000000008000880       0x30 ./Src/DMA.o
                0x0000000008000880                DMA1_Channel2_IRQHandler
 .text.DMA1_Channel3_IRQHandler
                0x00000000080008b0       0x30 ./Src/DMA.o
                0x00000000080008b0                DMA1_Channel3_IRQHandler
 .text.DMA1_Channel4_IRQHandler
                0x00000000080008e0       0x30 ./Src/DMA.o
                0x00000000080008e0                DMA1_Channel4_IRQHandler
 .text.DMA1_Channel5_IRQHandler
                0x0000000008000910       0x30 ./Src/DMA.o
                0x0000000008000910                DMA1_Channel5_IRQHandler
 .text.DMA1_Channel6_IRQHandler
                0x0000000008000940       0x30 ./Src/DMA.o
                0x0000000008000940                DMA1_Channel6_IRQHandler
 .text.DMA1_Channel7_IRQHandler
                0x0000000008000970       0x30 ./Src/DMA.o
                0x0000000008000970                DMA1_Channel7_IRQHandler
 .text.GPIO_voidSetPinDirection
                0x00000000080009a0      0x1a0 ./Src/GPIO.o
                0x00000000080009a0                GPIO_voidSetPinDirection
 .text.RCC_voidEnableClock
                0x0000000008000b40       0x7c ./Src/RCC.o
                0x0000000008000b40                RCC_voidEnableClock
 .text.main     0x0000000008000bbc       0x24 ./Src/main.o
                0x0000000008000bbc                main
 .text.USART3_IRQHandler
                0x0000000008000be0       0x24 ./Src/main.o
                0x0000000008000be0                USART3_IRQHandler
 .text.CAN_TX   0x0000000008000c04       0x40 ./Src/main.o
                0x0000000008000c04                CAN_TX
 .text.CAN_RX   0x0000000008000c44       0x1c ./Src/main.o
                0x0000000008000c44                CAN_RX
 .text.CAN_FilterConfig
                0x0000000008000c60       0x3c ./Src/main.o
                0x0000000008000c60                CAN_FilterConfig
 .text.Reset_Handler
                0x0000000008000c9c       0x50 ./Startup/startup_stm32f103c6tx.o
                0x0000000008000c9c                Reset_Handler
 .text.Default_Handler
                0x0000000008000cec        0x2 ./Startup/startup_stm32f103c6tx.o
                0x0000000008000cec                EXTI2_IRQHandler
                0x0000000008000cec                TIM8_TRG_COM_IRQHandler
                0x0000000008000cec                TIM8_CC_IRQHandler
                0x0000000008000cec                DebugMon_Handler
                0x0000000008000cec                TIM1_CC_IRQHandler
                0x0000000008000cec                HardFault_Handler
                0x0000000008000cec                TIM6_IRQHandler
                0x0000000008000cec                PVD_IRQHandler
                0x0000000008000cec                SDIO_IRQHandler
                0x0000000008000cec                PendSV_Handler
                0x0000000008000cec                NMI_Handler
                0x0000000008000cec                EXTI3_IRQHandler
                0x0000000008000cec                USB_HP_CAN_TX_IRQHandler
                0x0000000008000cec                EXTI0_IRQHandler
                0x0000000008000cec                I2C2_EV_IRQHandler
                0x0000000008000cec                UsageFault_Handler
                0x0000000008000cec                ADC1_2_IRQHandler
                0x0000000008000cec                SPI1_IRQHandler
                0x0000000008000cec                CAN_SCE_IRQHandler
                0x0000000008000cec                TAMPER_IRQHandler
                0x0000000008000cec                TIM8_UP_IRQHandler
                0x0000000008000cec                DMA2_Channel2_IRQHandler
                0x0000000008000cec                RTC_IRQHandler
                0x0000000008000cec                UART5_IRQHandler
                0x0000000008000cec                ADC3_IRQHandler
                0x0000000008000cec                TIM4_IRQHandler
                0x0000000008000cec                CAN_RX1_IRQHandler
                0x0000000008000cec                DMA2_Channel1_IRQHandler
                0x0000000008000cec                I2C1_EV_IRQHandler
                0x0000000008000cec                UART4_IRQHandler
                0x0000000008000cec                TIM3_IRQHandler
                0x0000000008000cec                RCC_IRQHandler
                0x0000000008000cec                TIM1_TRG_COM_IRQHandler
                0x0000000008000cec                Default_Handler
                0x0000000008000cec                EXTI15_10_IRQHandler
                0x0000000008000cec                TIM7_IRQHandler
                0x0000000008000cec                TIM5_IRQHandler
                0x0000000008000cec                EXTI9_5_IRQHandler
                0x0000000008000cec                SPI2_IRQHandler
                0x0000000008000cec                USB_LP_CAN_RX0_IRQHandler
                0x0000000008000cec                MemManage_Handler
                0x0000000008000cec                SVC_Handler
                0x0000000008000cec                EXTI4_IRQHandler
                0x0000000008000cec                FSMC_IRQHandler
                0x0000000008000cec                TIM1_UP_IRQHandler
                0x0000000008000cec                WWDG_IRQHandler
                0x0000000008000cec                TIM2_IRQHandler
                0x0000000008000cec                TIM1_BRK_IRQHandler
                0x0000000008000cec                EXTI1_IRQHandler
                0x0000000008000cec                RTCAlarm_IRQHandler
                0x0000000008000cec                DMA2_Channel4_5_IRQHandler
                0x0000000008000cec                USART2_IRQHandler
                0x0000000008000cec                I2C2_ER_IRQHandler
                0x0000000008000cec                TIM8_BRK_IRQHandler
                0x0000000008000cec                FLASH_IRQHandler
                0x0000000008000cec                BusFault_Handler
                0x0000000008000cec                USART1_IRQHandler
                0x0000000008000cec                SPI3_IRQHandler
                0x0000000008000cec                I2C1_ER_IRQHandler
                0x0000000008000cec                DMA2_Channel3_IRQHandler
 *fill*         0x0000000008000cee        0x2 
 .text.__libc_init_array
                0x0000000008000cf0       0x48 C:/ST/STM32CubeIDE_1.14.0/STM32CubeIDE/plugins/com.st.stm32cube.ide.mcu.externaltools.gnu-tools-for-stm32.11.3.rel1.win32_1.1.100.202309141235/tools/bin/../lib/gcc/arm-none-eabi/11.3.1/../../../../arm-none-eabi/lib/thumb/v7-m/nofp\libc_nano.a(libc_a-init.o)
                0x0000000008000cf0                __libc_init_array
 *(.glue_7)
 .glue_7        0x0000000008000d38        0x0 linker stubs
 *(.glue_7t)
 .glue_7t       0x0000000008000d38        0x0 linker stubs
 *(.eh_frame)
 .eh_frame      0x0000000008000d38        0x0 C:/ST/STM32CubeIDE_1.14.0/STM32CubeIDE/plugins/com.st.stm32cube.ide.mcu.externaltools.gnu-tools-for-stm32.11.3.rel1.win32_1.1.100.202309141235/tools/bin/../lib/gcc/arm-none-eabi/11.3.1/thumb/v7-m/nofp/crtbegin.o
 *(.init)
 .init          0x0000000008000d38        0x4 C:/ST/STM32CubeIDE_1.14.0/STM32CubeIDE/plugins/com.st.stm32cube.ide.mcu.externaltools.gnu-tools-for-stm32.11.3.rel1.win32_1.1.100.202309141235/tools/bin/../lib/gcc/arm-none-eabi/11.3.1/thumb/v7-m/nofp/crti.o
                0x0000000008000d38                _init
 .init          0x0000000008000d3c        0x8 C:/ST/STM32CubeIDE_1.14.0/STM32CubeIDE/plugins/com.st.stm32cube.ide.mcu.externaltools.gnu-tools-for-stm32.11.3.rel1.win32_1.1.100.202309141235/tools/bin/../lib/gcc/arm-none-eabi/11.3.1/thumb/v7-m/nofp/crtn.o
 *(.fini)
 .fini          0x0000000008000d44        0x4 C:/ST/STM32CubeIDE_1.14.0/STM32CubeIDE/plugins/com.st.stm32cube.ide.mcu.externaltools.gnu-tools-for-stm32.11.3.rel1.win32_1.1.100.202309141235/tools/bin/../lib/gcc/arm-none-eabi/11.3.1/thumb/v7-m/nofp/crti.o
                0x0000000008000d44                _fini
 .fini          0x0000000008000d48        0x8 C:/ST/STM32CubeIDE_1.14.0/STM32CubeIDE/plugins/com.st.stm32cube.ide.mcu.externaltools.gnu-tools-for-stm32.11.3.rel1.win32_1.1.100.202309141235/tools/bin/../lib/gcc/arm-none-eabi/11.3.1/thumb/v7-m/nofp/crtn.o
                0x0000000008000d50                . = ALIGN (0x4)
                0x0000000008000d50                _etext = .

.vfp11_veneer   0x0000000008000d50        0x0
 .vfp11_veneer  0x0000000008000d50        0x0 linker stubs

.v4_bx          0x0000000008000d50        0x0
 .v4_bx         0x0000000008000d50        0x0 linker stubs

.iplt           0x0000000008000d50        0x0
 .iplt          0x0000000008000d50        0x0 C:/ST/STM32CubeIDE_1.14.0/STM32CubeIDE/plugins/com.st.stm32cube.ide.mcu.externaltools.gnu-tools-for-stm32.11.3.rel1.win32_1.1.100.202309141235/tools/bin/../lib/gcc/arm-none-eabi/11.3.1/thumb/v7-m/nofp/crtbegin.o

.rel.dyn        0x0000000008000d50        0x0
 .rel.iplt      0x0000000008000d50        0x0 C:/ST/STM32CubeIDE_1.14.0/STM32CubeIDE/plugins/com.st.stm32cube.ide.mcu.externaltools.gnu-tools-for-stm32.11.3.rel1.win32_1.1.100.202309141235/tools/bin/../lib/gcc/arm-none-eabi/11.3.1/thumb/v7-m/nofp/crtbegin.o

.rodata         0x0000000008000d50        0x0
                0x0000000008000d50                . = ALIGN (0x4)
 *(.rodata)
 *(.rodata*)
                0x0000000008000d50                . = ALIGN (0x4)

.ARM.extab      0x0000000008000d50        0x0
                0x0000000008000d50                . = ALIGN (0x4)
 *(.ARM.extab* .gnu.linkonce.armextab.*)
                0x0000000008000d50                . = ALIGN (0x4)

.ARM            0x0000000008000d50        0x0
                0x0000000008000d50                . = ALIGN (0x4)
                0x0000000008000d50                __exidx_start = .
 *(.ARM.exidx*)
                0x0000000008000d50                __exidx_end = .
                0x0000000008000d50                . = ALIGN (0x4)

.preinit_array  0x0000000008000d50        0x0
                0x0000000008000d50                . = ALIGN (0x4)
                0x0000000008000d50                PROVIDE (__preinit_array_start = .)
 *(.preinit_array*)
                0x0000000008000d50                PROVIDE (__preinit_array_end = .)
                0x0000000008000d50                . = ALIGN (0x4)

.init_array     0x0000000008000d50        0x4
                0x0000000008000d50                . = ALIGN (0x4)
                0x0000000008000d50                PROVIDE (__init_array_start = .)
 *(SORT_BY_NAME(.init_array.*))
 *(.init_array*)
 .init_array    0x0000000008000d50        0x4 C:/ST/STM32CubeIDE_1.14.0/STM32CubeIDE/plugins/com.st.stm32cube.ide.mcu.externaltools.gnu-tools-for-stm32.11.3.rel1.win32_1.1.100.202309141235/tools/bin/../lib/gcc/arm-none-eabi/11.3.1/thumb/v7-m/nofp/crtbegin.o
                0x0000000008000d54                PROVIDE (__init_array_end = .)
                0x0000000008000d54                . = ALIGN (0x4)

.fini_array     0x0000000008000d54        0x4
                0x0000000008000d54                . = ALIGN (0x4)
                [!provide]                        PROVIDE (__fini_array_start = .)
 *(SORT_BY_NAME(.fini_array.*))
 *(.fini_array*)
 .fini_array    0x0000000008000d54        0x4 C:/ST/STM32CubeIDE_1.14.0/STM32CubeIDE/plugins/com.st.stm32cube.ide.mcu.externaltools.gnu-tools-for-stm32.11.3.rel1.win32_1.1.100.202309141235/tools/bin/../lib/gcc/arm-none-eabi/11.3.1/thumb/v7-m/nofp/crtbegin.o
                [!provide]                        PROVIDE (__fini_array_end = .)
                0x0000000008000d58                . = ALIGN (0x4)
                0x0000000008000d58                _sidata = LOADADDR (.data)

.data           0x0000000020000000        0x0 load address 0x0000000008000d58
                0x0000000020000000                . = ALIGN (0x4)
                0x0000000020000000                _sdata = .
 *(.data)
 *(.data*)
 *(.RamFunc)
 *(.RamFunc*)
                0x0000000020000000                . = ALIGN (0x4)
                0x0000000020000000                _edata = .

.igot.plt       0x0000000020000000        0x0 load address 0x0000000008000d58
 .igot.plt      0x0000000020000000        0x0 C:/ST/STM32CubeIDE_1.14.0/STM32CubeIDE/plugins/com.st.stm32cube.ide.mcu.externaltools.gnu-tools-for-stm32.11.3.rel1.win32_1.1.100.202309141235/tools/bin/../lib/gcc/arm-none-eabi/11.3.1/thumb/v7-m/nofp/crtbegin.o
                0x0000000020000000                . = ALIGN (0x4)

.bss            0x0000000020000000       0x4c load address 0x0000000008000d58
                0x0000000020000000                _sbss = .
                0x0000000020000000                __bss_start__ = _sbss
 *(.bss)
 .bss           0x0000000020000000       0x1c C:/ST/STM32CubeIDE_1.14.0/STM32CubeIDE/plugins/com.st.stm32cube.ide.mcu.externaltools.gnu-tools-for-stm32.11.3.rel1.win32_1.1.100.202309141235/tools/bin/../lib/gcc/arm-none-eabi/11.3.1/thumb/v7-m/nofp/crtbegin.o
 *(.bss*)
 .bss.SysTick_CallBack
                0x000000002000001c        0x4 ./Src/CortexM3_Core_SysTick.o
 .bss.SysTick_Mode
                0x0000000020000020        0x1 ./Src/CortexM3_Core_SysTick.o
 *fill*         0x0000000020000021        0x3 
 .bss.DMA_PtrFunction
                0x0000000020000024       0x1c ./Src/DMA.o
 .bss.USART3_IRQHandler_Flag
                0x0000000020000040        0x1 ./Src/main.o
 .bss.USART3_IRQHandler_Active_Flag2
                0x0000000020000041        0x1 ./Src/main.o
 *fill*         0x0000000020000042        0x2 
 .bss.TxData    0x0000000020000044        0x8 ./Src/main.o
                0x0000000020000044                TxData
 *(COMMON)
                0x000000002000004c                . = ALIGN (0x4)
                0x000000002000004c                _ebss = .
                0x000000002000004c                __bss_end__ = _ebss

._user_heap_stack
                0x000000002000004c      0x604 load address 0x0000000008000d58
                0x0000000020000050                . = ALIGN (0x8)
 *fill*         0x000000002000004c        0x4 
                [!provide]                        PROVIDE (end = .)
                0x0000000020000050                PROVIDE (_end = .)
                0x0000000020000250                . = (. + _Min_Heap_Size)
 *fill*         0x0000000020000050      0x200 
                0x0000000020000650                . = (. + _Min_Stack_Size)
 *fill*         0x0000000020000250      0x400 
                0x0000000020000650                . = ALIGN (0x8)

/DISCARD/
 libc.a(*)
 libm.a(*)
 libgcc.a(*)

.ARM.attributes
                0x0000000000000000       0x29
 *(.ARM.attributes)
 .ARM.attributes
                0x0000000000000000       0x1d C:/ST/STM32CubeIDE_1.14.0/STM32CubeIDE/plugins/com.st.stm32cube.ide.mcu.externaltools.gnu-tools-for-stm32.11.3.rel1.win32_1.1.100.202309141235/tools/bin/../lib/gcc/arm-none-eabi/11.3.1/thumb/v7-m/nofp/crti.o
 .ARM.attributes
                0x000000000000001d       0x2d C:/ST/STM32CubeIDE_1.14.0/STM32CubeIDE/plugins/com.st.stm32cube.ide.mcu.externaltools.gnu-tools-for-stm32.11.3.rel1.win32_1.1.100.202309141235/tools/bin/../lib/gcc/arm-none-eabi/11.3.1/thumb/v7-m/nofp/crtbegin.o
 .ARM.attributes
                0x000000000000004a       0x2d ./Src/AFIO_program.o
 .ARM.attributes
                0x0000000000000077       0x2d ./Src/CAN.o
 .ARM.attributes
                0x00000000000000a4       0x2d ./Src/CortexM3_Core_NVIC.o
 .ARM.attributes
                0x00000000000000d1       0x2d ./Src/CortexM3_Core_SysTick.o
 .ARM.attributes
                0x00000000000000fe       0x2d ./Src/DMA.o
 .ARM.attributes
                0x000000000000012b       0x2d ./Src/GPIO.o
 .ARM.attributes
                0x0000000000000158       0x2d ./Src/RCC.o
 .ARM.attributes
                0x0000000000000185       0x2d ./Src/main.o
 .ARM.attributes
                0x00000000000001b2       0x21 ./Startup/startup_stm32f103c6tx.o
 .ARM.attributes
                0x00000000000001d3       0x2d C:/ST/STM32CubeIDE_1.14.0/STM32CubeIDE/plugins/com.st.stm32cube.ide.mcu.externaltools.gnu-tools-for-stm32.11.3.rel1.win32_1.1.100.202309141235/tools/bin/../lib/gcc/arm-none-eabi/11.3.1/../../../../arm-none-eabi/lib/thumb/v7-m/nofp\libc_nano.a(libc_a-init.o)
 .ARM.attributes
                0x0000000000000200       0x1d C:/ST/STM32CubeIDE_1.14.0/STM32CubeIDE/plugins/com.st.stm32cube.ide.mcu.externaltools.gnu-tools-for-stm32.11.3.rel1.win32_1.1.100.202309141235/tools/bin/../lib/gcc/arm-none-eabi/11.3.1/thumb/v7-m/nofp/crtn.o
OUTPUT(NVIC_Driver.elf elf32-littlearm)
LOAD linker stubs
LOAD C:/ST/STM32CubeIDE_1.14.0/STM32CubeIDE/plugins/com.st.stm32cube.ide.mcu.externaltools.gnu-tools-for-stm32.11.3.rel1.win32_1.1.100.202309141235/tools/bin/../lib/gcc/arm-none-eabi/11.3.1/../../../../arm-none-eabi/lib/thumb/v7-m/nofp\libc.a
LOAD C:/ST/STM32CubeIDE_1.14.0/STM32CubeIDE/plugins/com.st.stm32cube.ide.mcu.externaltools.gnu-tools-for-stm32.11.3.rel1.win32_1.1.100.202309141235/tools/bin/../lib/gcc/arm-none-eabi/11.3.1/../../../../arm-none-eabi/lib/thumb/v7-m/nofp\libm.a
LOAD C:/ST/STM32CubeIDE_1.14.0/STM32CubeIDE/plugins/com.st.stm32cube.ide.mcu.externaltools.gnu-tools-for-stm32.11.3.rel1.win32_1.1.100.202309141235/tools/bin/../lib/gcc/arm-none-eabi/11.3.1/thumb/v7-m/nofp\libgcc.a

.comment        0x0000000000000000       0x43
 .comment       0x0000000000000000       0x43 C:/ST/STM32CubeIDE_1.14.0/STM32CubeIDE/plugins/com.st.stm32cube.ide.mcu.externaltools.gnu-tools-for-stm32.11.3.rel1.win32_1.1.100.202309141235/tools/bin/../lib/gcc/arm-none-eabi/11.3.1/thumb/v7-m/nofp/crtbegin.o
                                         0x44 (size before relaxing)
 .comment       0x0000000000000043       0x44 ./Src/AFIO_program.o
 .comment       0x0000000000000043       0x44 ./Src/CAN.o
 .comment       0x0000000000000043       0x44 ./Src/CortexM3_Core_NVIC.o
 .comment       0x0000000000000043       0x44 ./Src/CortexM3_Core_SysTick.o
 .comment       0x0000000000000043       0x44 ./Src/DMA.o
 .comment       0x0000000000000043       0x44 ./Src/GPIO.o
 .comment       0x0000000000000043       0x44 ./Src/RCC.o
 .comment       0x0000000000000043       0x44 ./Src/main.o

.debug_info     0x0000000000000000     0x2376
 .debug_info    0x0000000000000000      0x14f ./Src/AFIO_program.o
 .debug_info    0x000000000000014f      0xbb6 ./Src/CAN.o
 .debug_info    0x0000000000000d05      0x46f ./Src/CortexM3_Core_NVIC.o
 .debug_info    0x0000000000001174      0x22f ./Src/CortexM3_Core_SysTick.o
 .debug_info    0x00000000000013a3      0x57d ./Src/DMA.o
 .debug_info    0x0000000000001920      0x223 ./Src/GPIO.o
 .debug_info    0x0000000000001b43      0x185 ./Src/RCC.o
 .debug_info    0x0000000000001cc8      0x68b ./Src/main.o
 .debug_info    0x0000000000002353       0x23 ./Startup/startup_stm32f103c6tx.o

.debug_abbrev   0x0000000000000000      0xa65
 .debug_abbrev  0x0000000000000000       0xc2 ./Src/AFIO_program.o
 .debug_abbrev  0x00000000000000c2      0x2a1 ./Src/CAN.o
 .debug_abbrev  0x0000000000000363      0x121 ./Src/CortexM3_Core_NVIC.o
 .debug_abbrev  0x0000000000000484      0x131 ./Src/CortexM3_Core_SysTick.o
 .debug_abbrev  0x00000000000005b5      0x125 ./Src/DMA.o
 .debug_abbrev  0x00000000000006da       0xe2 ./Src/GPIO.o
 .debug_abbrev  0x00000000000007bc       0xb4 ./Src/RCC.o
 .debug_abbrev  0x0000000000000870      0x1e3 ./Src/main.o
 .debug_abbrev  0x0000000000000a53       0x12 ./Startup/startup_stm32f103c6tx.o

.debug_aranges  0x0000000000000000      0x350
 .debug_aranges
                0x0000000000000000       0x28 ./Src/AFIO_program.o
 .debug_aranges
                0x0000000000000028      0x118 ./Src/CAN.o
 .debug_aranges
                0x0000000000000140       0x50 ./Src/CortexM3_Core_NVIC.o
 .debug_aranges
                0x0000000000000190       0x50 ./Src/CortexM3_Core_SysTick.o
 .debug_aranges
                0x00000000000001e0       0x80 ./Src/DMA.o
 .debug_aranges
                0x0000000000000260       0x40 ./Src/GPIO.o
 .debug_aranges
                0x00000000000002a0       0x30 ./Src/RCC.o
 .debug_aranges
                0x00000000000002d0       0x58 ./Src/main.o
 .debug_aranges
                0x0000000000000328       0x28 ./Startup/startup_stm32f103c6tx.o

.debug_rnglists
                0x0000000000000000      0x260
 .debug_rnglists
                0x0000000000000000       0x1a ./Src/AFIO_program.o
 .debug_rnglists
                0x000000000000001a       0xd5 ./Src/CAN.o
 .debug_rnglists
                0x00000000000000ef       0x37 ./Src/CortexM3_Core_NVIC.o
 .debug_rnglists
                0x0000000000000126       0x37 ./Src/CortexM3_Core_SysTick.o
 .debug_rnglists
                0x000000000000015d       0x5d ./Src/DMA.o
 .debug_rnglists
                0x00000000000001ba       0x30 ./Src/GPIO.o
 .debug_rnglists
                0x00000000000001ea       0x20 ./Src/RCC.o
 .debug_rnglists
                0x000000000000020a       0x3d ./Src/main.o
 .debug_rnglists
                0x0000000000000247       0x19 ./Startup/startup_stm32f103c6tx.o

.debug_macro    0x0000000000000000     0x1958
 .debug_macro   0x0000000000000000       0x3e ./Src/AFIO_program.o
 .debug_macro   0x000000000000003e      0xaa2 ./Src/AFIO_program.o
 .debug_macro   0x0000000000000ae0       0x28 ./Src/AFIO_program.o
 .debug_macro   0x0000000000000b08       0x40 ./Src/AFIO_program.o
 .debug_macro   0x0000000000000b48       0xe2 ./Src/AFIO_program.o
 .debug_macro   0x0000000000000c2a       0x46 ./Src/AFIO_program.o
 .debug_macro   0x0000000000000c70       0x16 ./Src/AFIO_program.o
 .debug_macro   0x0000000000000c86       0x6c ./Src/CAN.o
 .debug_macro   0x0000000000000cf2      0x14e ./Src/CAN.o
 .debug_macro   0x0000000000000e40       0x10 ./Src/CAN.o
 .debug_macro   0x0000000000000e50      0x13c ./Src/CAN.o
 .debug_macro   0x0000000000000f8c       0x3a ./Src/CAN.o
 .debug_macro   0x0000000000000fc6       0x2e ./Src/CAN.o
 .debug_macro   0x0000000000000ff4       0x29 ./Src/CortexM3_Core_NVIC.o
 .debug_macro   0x000000000000101d       0x44 ./Src/CortexM3_Core_SysTick.o
 .debug_macro   0x0000000000001061       0x1c ./Src/CortexM3_Core_SysTick.o
 .debug_macro   0x000000000000107d       0x3a ./Src/CortexM3_Core_SysTick.o
 .debug_macro   0x00000000000010b7      0x174 ./Src/CortexM3_Core_SysTick.o
 .debug_macro   0x000000000000122b       0x58 ./Src/CortexM3_Core_SysTick.o
 .debug_macro   0x0000000000001283       0x3e ./Src/DMA.o
 .debug_macro   0x00000000000012c1       0x16 ./Src/DMA.o
 .debug_macro   0x00000000000012d7       0x35 ./Src/GPIO.o
 .debug_macro   0x000000000000130c       0x2e ./Src/GPIO.o
 .debug_macro   0x000000000000133a       0x3e ./Src/RCC.o
 .debug_macro   0x0000000000001378       0x16 ./Src/RCC.o
 .debug_macro   0x000000000000138e       0x10 ./Src/RCC.o
 .debug_macro   0x000000000000139e      0x105 ./Src/main.o
 .debug_macro   0x00000000000014a3       0x22 ./Src/main.o
 .debug_macro   0x00000000000014c5       0x8e ./Src/main.o
 .debug_macro   0x0000000000001553       0x51 ./Src/main.o
 .debug_macro   0x00000000000015a4      0x103 ./Src/main.o
 .debug_macro   0x00000000000016a7       0x6a ./Src/main.o
 .debug_macro   0x0000000000001711      0x1df ./Src/main.o
 .debug_macro   0x00000000000018f0       0x4c ./Src/main.o
 .debug_macro   0x000000000000193c       0x1c ./Src/main.o

.debug_line     0x0000000000000000     0x1aa9
 .debug_line    0x0000000000000000       0xe7 ./Src/AFIO_program.o
 .debug_line    0x00000000000000e7      0x7be ./Src/CAN.o
 .debug_line    0x00000000000008a5      0x16e ./Src/CortexM3_Core_NVIC.o
 .debug_line    0x0000000000000a13      0x2ac ./Src/CortexM3_Core_SysTick.o
 .debug_line    0x0000000000000cbf      0x388 ./Src/DMA.o
 .debug_line    0x0000000000001047      0x2b1 ./Src/GPIO.o
 .debug_line    0x00000000000012f8      0x111 ./Src/RCC.o
 .debug_line    0x0000000000001409      0x625 ./Src/main.o
 .debug_line    0x0000000000001a2e       0x7b ./Startup/startup_stm32f103c6tx.o

.debug_str      0x0000000000000000     0x6dac
 .debug_str     0x0000000000000000     0x3332 ./Src/AFIO_program.o
                                       0x33bd (size before relaxing)
 .debug_str     0x0000000000003332     0x1793 ./Src/CAN.o
                                       0x4a82 (size before relaxing)
 .debug_str     0x0000000000004ac5       0x7e ./Src/CortexM3_Core_NVIC.o
                                       0x336f (size before relaxing)
 .debug_str     0x0000000000004b43      0x7bd ./Src/CortexM3_Core_SysTick.o
                                       0x36e3 (size before relaxing)
 .debug_str     0x0000000000005300      0x663 ./Src/DMA.o
                                       0x3653 (size before relaxing)
 .debug_str     0x0000000000005963      0x1b3 ./Src/GPIO.o
                                       0x33ee (size before relaxing)
 .debug_str     0x0000000000005b16      0x10e ./Src/RCC.o
                                       0x3518 (size before relaxing)
 .debug_str     0x0000000000005c24     0x1159 ./Src/main.o
                                       0x5c89 (size before relaxing)
 .debug_str     0x0000000000006d7d       0x2f ./Startup/startup_stm32f103c6tx.o
                                         0x6e (size before relaxing)

.debug_frame    0x0000000000000000      0xb3c
 .debug_frame   0x0000000000000000       0x60 ./Src/AFIO_program.o
 .debug_frame   0x0000000000000060      0x444 ./Src/CAN.o
 .debug_frame   0x00000000000004a4      0x128 ./Src/CortexM3_Core_NVIC.o
 .debug_frame   0x00000000000005cc      0x114 ./Src/CortexM3_Core_SysTick.o
 .debug_frame   0x00000000000006e0      0x1cc ./Src/DMA.o
 .debug_frame   0x00000000000008ac       0xd8 ./Src/GPIO.o
 .debug_frame   0x0000000000000984       0x80 ./Src/RCC.o
 .debug_frame   0x0000000000000a04      0x10c ./Src/main.o
 .debug_frame   0x0000000000000b10       0x2c C:/ST/STM32CubeIDE_1.14.0/STM32CubeIDE/plugins/com.st.stm32cube.ide.mcu.externaltools.gnu-tools-for-stm32.11.3.rel1.win32_1.1.100.202309141235/tools/bin/../lib/gcc/arm-none-eabi/11.3.1/../../../../arm-none-eabi/lib/thumb/v7-m/nofp\libc_nano.a(libc_a-init.o)

.debug_line_str
                0x0000000000000000       0x62
 .debug_line_str
                0x0000000000000000       0x62 ./Startup/startup_stm32f103c6tx.o
                                         0x7a (size before relaxing)
