../Inc/CAN_program.c:34:6:CAN_voidInit	8	static
../Inc/CAN_program.c:113:6:CAN_voidAddTxMsg	24	static
../Inc/CAN_program.c:170:6:CAN_voidStart	4	static
../Inc/CAN_program.c:179:6:CAN_voidGetRxMsg	32	static
../Inc/CAN_program.c:237:7:CAN_voidRXPending	16	static
../Inc/CAN_program.c:253:6:CAN_voidConfigFilter	24	static
../Inc/CAN_program.c:342:8:CAN_voidGetErrorCode	4	static
../Inc/CAN_program.c:361:6:CAN_voidInitInterput	16	static
../Inc/CAN_program.c:367:6:CAN_voidDeiniterputInit	16	static
../Inc/CAN_program.c:373:6:CAN_voidEnableInterrupt	16	static
../Inc/CAN_program.c:378:6:CAN_voidDisableInterrupt	16	static
../Inc/CAN_program.c:391:6:CAN_voidTX_Interrupt_Handler	16	static
../Inc/CAN_program.c:460:6:CAN_voidRX_FIFO0_Interrupt_Handler	24	static
../Inc/CAN_program.c:512:6:CAN_voidRX_FIFO1_Interrupt_Handler	24	static
../Inc/CAN_program.c:565:6:CAN_voidSCE_Interrupt_Handler	24	static
../Inc/CAN_program.c:704:13:CAN_TxMailbox0CompleteCallback	4	static
../Inc/CAN_program.c:709:13:CAN_TxMailbox1CompleteCallback	4	static
../Inc/CAN_program.c:713:13:CAN_TxMailbox2CompleteCallback	4	static
../Inc/CAN_program.c:717:13:CAN_TxMailbox0AbortCallback	4	static
../Inc/CAN_program.c:721:13:CAN_TxMailbox1AbortCallback	4	static
../Inc/CAN_program.c:725:13:CAN_TxMailbox2AbortCallback	4	static
../Inc/CAN_program.c:729:13:CAN_RxFifo0MsgPendingCallback	4	static
../Inc/CAN_program.c:733:13:CAN_RxFifo0FullCallback	4	static
../Inc/CAN_program.c:737:13:CAN_RxFifo1MsgPendingCallback	4	static
../Inc/CAN_program.c:741:13:CAN_RxFifo1FullCallback	4	static
../Inc/CAN_program.c:745:13:CAN_SleepCallback	4	static
../Inc/CAN_program.c:749:13:CAN_WakeUpFromRxMsgCallback	4	static
../Inc/CAN_program.c:753:13:CAN_ErrorCallback	4	static
../Inc/CAN_program.c:763:6:USB_HP_CAN1_TX_IRQHandler	8	static
../Inc/CAN_program.c:767:6:USB_LP_CAN1_RX0_IRQHandler	8	static
../Inc/CAN_program.c:771:6:CAN1_RX1_IRQHandler	8	static
../Inc/CAN_program.c:775:6:CAN1_SCE_IRQHandler	8	static
