../Src/CAN.c:35:6:CAN_voidInit	8	static
../Src/CAN.c:114:6:CAN_voidAddTxMsg	24	static
../Src/CAN.c:171:6:CAN_voidStart	4	static
../Src/CAN.c:180:6:CAN_voidGetRxMsg	32	static
../Src/CAN.c:238:7:CAN_voidRXPending	16	static
../Src/CAN.c:254:6:CAN_voidConfigFilter	24	static
../Src/CAN.c:343:8:CAN_voidGetErrorCode	4	static
../Src/CAN.c:362:6:CAN_voidInitInterput	16	static
../Src/CAN.c:368:6:CAN_voidDeiniterputInit	16	static
../Src/CAN.c:374:6:CAN_voidEnableInterrupt	16	static
../Src/CAN.c:380:6:CAN_voidDisableInterrupt	16	static
../Src/CAN.c:393:6:CAN_voidTX_Interrupt_Handler	16	static
../Src/CAN.c:462:6:CAN_voidRX_FIFO0_Interrupt_Handler	24	static
../Src/CAN.c:514:6:CAN_voidRX_FIFO1_Interrupt_Handler	24	static
../Src/CAN.c:567:6:CAN_voidSCE_Interrupt_Handler	24	static
../Src/CAN.c:706:13:CAN_TxMailbox0CompleteCallback	4	static
../Src/CAN.c:711:13:CAN_TxMailbox1CompleteCallback	4	static
../Src/CAN.c:715:13:CAN_TxMailbox2CompleteCallback	4	static
../Src/CAN.c:719:13:CAN_TxMailbox0AbortCallback	4	static
../Src/CAN.c:723:13:CAN_TxMailbox1AbortCallback	4	static
../Src/CAN.c:727:13:CAN_TxMailbox2AbortCallback	4	static
../Src/CAN.c:731:13:CAN_RxFifo0MsgPendingCallback	4	static
../Src/CAN.c:735:13:CAN_RxFifo0FullCallback	4	static
../Src/CAN.c:739:13:CAN_RxFifo1MsgPendingCallback	4	static
../Src/CAN.c:743:13:CAN_RxFifo1FullCallback	4	static
../Src/CAN.c:747:13:CAN_SleepCallback	4	static
../Src/CAN.c:751:13:CAN_WakeUpFromRxMsgCallback	4	static
../Src/CAN.c:755:13:CAN_ErrorCallback	4	static
../Src/CAN.c:765:6:USB_HP_CAN1_TX_IRQHandler	8	static
../Src/CAN.c:769:6:USB_LP_CAN1_RX0_IRQHandler	8	static
../Src/CAN.c:773:6:CAN1_RX1_IRQHandler	8	static
../Src/CAN.c:777:6:CAN1_SCE_IRQHandler	8	static
