../Src/DMA.c:28:6:DMA_voidInitChannel	16	static
../Src/DMA.c:88:6:DMA_voidSetChannelState	16	static
../Src/DMA.c:93:6:DNA_voidSetHalfCompleteInterruptState	16	static
../Src/DMA.c:99:6:DNA_voidSetCompleteInterruptState	16	static
../Src/DMA.c:104:6:DNA_voidSetErrorInterruptState	16	static
../Src/DMA.c:111:6:DMA_voidStatrTransfer	24	static
../Src/DMA.c:125:6:DMA1_Channel1_IRQHandler	8	static
../Src/DMA.c:146:6:DMA1_Channel2_IRQHandler	8	static
../Src/DMA.c:165:6:DMA1_Channel3_IRQHandler	8	static
../Src/DMA.c:184:6:DMA1_Channel4_IRQHandler	8	static
../Src/DMA.c:203:8:DMA1_Channel5_IRQHandler	8	static
../Src/DMA.c:222:8:DMA1_Channel6_IRQHandler	8	static
../Src/DMA.c:241:8:DMA1_Channel7_IRQHandler	8	static
